src/app/(protected)/absensi/page.tsx(237,12): error TS2322: Type '{ children: Element; searchValue: string; onSearchChange: Dispatch<SetStateAction<string>>; searchPlaceholder: string; filters: { key: string; label: string; options: { ...; }[]; value: string | null; onChange: (v: string | null) => void; }[]; sort: { ...; }; }' is not assignable to type 'IntrinsicAttributes & DataTableToolbarProps'.
  Property 'children' does not exist on type 'IntrinsicAttributes & DataTableToolbarProps'.
src/app/(protected)/cuti/page.tsx(231,13): error TS2322: Type '"destructive"' is not assignable to type '"primary" | "success" | "warning" | "danger" | "info" | undefined'.
src/app/(protected)/cuti/page.tsx(238,12): error TS2322: Type '{ children: Element; searchValue: string; onSearchChange: Dispatch<SetStateAction<string>>; searchPlaceholder: string; filters: { key: string; label: string; options: { ...; }[]; value: string | null; onChange: (v: string | null) => void; }[]; sort: { ...; }; }' is not assignable to type 'IntrinsicAttributes & DataTableToolbarProps'.
  Property 'children' does not exist on type 'IntrinsicAttributes & DataTableToolbarProps'.
src/app/(protected)/employees/[id]/edit/page.tsx(432,61): error TS2769: No overload matches this call.
  Overload 1 of 4, '(value: string | number | Date): Date', gave the following error.
    Argument of type 'string | undefined' is not assignable to parameter of type 'string | number | Date'.
      Type 'undefined' is not assignable to type 'string | number | Date'.
  Overload 2 of 4, '(value: string | number): Date', gave the following error.
    Argument of type 'string | undefined' is not assignable to parameter of type 'string | number'.
      Type 'undefined' is not assignable to type 'string | number'.
src/app/(protected)/employees/new/page.tsx(405,61): error TS2769: No overload matches this call.
  Overload 1 of 4, '(value: string | number | Date): Date', gave the following error.
    Argument of type 'string | undefined' is not assignable to parameter of type 'string | number | Date'.
      Type 'undefined' is not assignable to type 'string | number | Date'.
  Overload 2 of 4, '(value: string | number): Date', gave the following error.
    Argument of type 'string | undefined' is not assignable to parameter of type 'string | number'.
      Type 'undefined' is not assignable to type 'string | number'.
src/app/(protected)/pengaturan-cuti/page.tsx(177,13): error TS2322: Type '"secondary"' is not assignable to type '"primary" | "success" | "warning" | "danger" | "info" | undefined'.
src/app/(protected)/pengaturan-cuti/page.tsx(184,12): error TS2741: Property 'sort' is missing in type '{ searchValue: string; onSearchChange: Dispatch<SetStateAction<string>>; searchPlaceholder: string; filters: { key: string; label: string; options: { label: string; value: string; }[]; value: string | null; onChange: (v: string | null) => void; }[]; }' but required in type 'DataTableToolbarProps'.
src/modules/jadwal-kerja/presentation/components/JadwalKerjaForm.tsx(72,5): error TS2322: Type 'Resolver<{ kategori: "coding" | "non_coding"; mata_pelajaran: string; hari: string; nomor_sesi: string; jam_mulai: string; jam_selesai: string; tarif: string | number; status: "Aktif" | "Non Aktif"; guru_pengajar_id: string | number; ruangan_kelas?: string | ... 1 more ... | undefined; }, any, { ...; }>' is not assignable to type 'Resolver<{ kategori: "coding" | "non_coding"; mata_pelajaran: string; hari: string; nomor_sesi: string; jam_mulai: string; jam_selesai: string; tarif: number; status: "Aktif" | "Non Aktif"; guru_pengajar_id: number; ruangan_kelas?: string | ... 1 more ... | undefined; }, any, { ...; }>'.
  Types of parameters 'options' and 'options' are incompatible.
    Type 'ResolverOptions<{ kategori: "coding" | "non_coding"; mata_pelajaran: string; hari: string; nomor_sesi: string; jam_mulai: string; jam_selesai: string; tarif: number; status: "Aktif" | "Non Aktif"; guru_pengajar_id: number; ruangan_kelas?: string | ... 1 more ... | undefined; }>' is not assignable to type 'ResolverOptions<{ kategori: "coding" | "non_coding"; mata_pelajaran: string; hari: string; nomor_sesi: string; jam_mulai: string; jam_selesai: string; tarif: string | number; status: "Aktif" | "Non Aktif"; guru_pengajar_id: string | number; ruangan_kelas?: string | ... 1 more ... | undefined; }>'.
      Type 'string | number' is not assignable to type 'number'.
        Type 'string' is not assignable to type 'number'.
